XV6_TEST_OUTPUT child 5
XV6_TEST_OUTPUT parent 6
