Total requests: 20; Total static: 0; Total dynamic: 20
