Total requests: 40; Total static: 20; Total dynamic: 20
