Pass: shared memory successfully created in /dev/shm
Pass: shared memory is the correct size
