alias catthat /bin/cat tests-out/tmp.txt
/bin/echo hello there >tests-out/tmp.txt
catthat
hello there
