/bin/ls tests/p2a-test > tests-out/output26
/bin/cat tests-out/output26
/bin/echo this should be in the file > tests-out/output26
/bin/cat tests-out/output26
this should be in the file
/bin/echo hello
hello
