XV6_SCHEDULER	 inner child 1 workload DONE
XV6_SCHEDULER	 outer child 0 workload DONE
