XV6_SCHEDULER	 SUCCESS iter 0
XV6_SCHEDULER	 SUCCESS iter 1
XV6_SCHEDULER	 SUCCESS iter 2
XV6_SCHEDULER	 SUCCESS iter 3
